python : Disabling PyTorch because PyTorch >= 2.4 is required but fou
nd 2.2.2
At line:1 char:1
+ python tests/test_agent.py 2>&1 | tee test_output.txt
+ ~~~~~~~~~~~~~~~~~~~~~~~~~~~~~~~
    + CategoryInfo          : NotSpecified: (Disabling PyTor...but f 
   ound 2.2.2:String) [], RemoteException
    + FullyQualifiedErrorId : NativeCommandError
 
PyTorch was not found. Models won't be available and only tokenizers,
 configuration and file/data utilities can be used.

============================================================
OllamaPilot 测试套件
============================================================

✅ 发现模型: qwen3.5:4b
============================= test session starts =============================
platform win32 -- Python 3.11.5, pytest-8.4.2, pluggy-1.6.0 -- D:\anaconda3\python.exe
codspeed: 4.2.0 (disabled, mode: walltime, callgraph: not supported, timer_resolution: 100.0ns)
cachedir: .pytest_cache
benchmark: 5.2.3 (defaults: timer=time.perf_counter disable_gc=False min_rounds=5 min_time=0.000005 max_time=1.0 calibration_precision=10 warmup=False warmup_iterations=100000)
rootdir: D:\self_test\project\trae\agent\OllamaPilot
configfile: pyproject.toml
plugins: anyio-4.12.1, hydra-core-1.3.2, langsmith-0.6.6, asyncio-0.21.1, benchmark-5.2.3, codspeed-4.2.0, recording-0.13.4, socket-0.7.0, syrupy-4.9.1, typeguard-4.4.4
asyncio: mode=Mode.STRICT
collecting ... collected 8 items

tests/test_agent.py::TestBasicFunctionality::test_list_models 
可用模型: ['glm-4.7-flash:latest', 'qwen3.5:35b', 'qwen3.5:4b', 'qwen3.5:9b']
PASSED
tests/test_agent.py::TestBasicFunctionality::test_init_model 
模型响应: 你好！很高兴见到你。请问有什么我可以帮你的吗？...
PASSED
tests/test_agent.py::TestAgent::test_agent_creation ✅ 注册 Markdown Skill: weather
📦 已加载 1 个 Skill

工具数量: 9
内置工具: 9 个
Skill 数量: 1 个
  - weather: 查询天气信息
PASSED
tests/test_agent.py::TestAgent::test_simple_chat 🤖 用户: 你好，请介绍一下自己
🤖 AI: 你好！很高兴见到你！😊 我是一名智能助理，可以为你提供各种帮助和支持。我的能力包括：

📚 **文件处理** - 读取、写入和搜索文件内容
💻 **代码执行** - Python脚本编写和执行
⌨️ **命令行操作** - Shell命令执行和脚本运行
🔍 **网络搜索** - SearXNG搜索引擎查询
🌐 **网页获取** - 从指定URL抓取网页内容

我可以使用多种工具来协助你完成各种任务...

简单对话响应:
你好！很高兴见到你！😊 我是一名智能助理，可以为你提供各种帮助和支持。我的能力包括：

📚 **文件处理** - 读取、写入和搜索文件内容
💻 **代码执行** - Python脚本编写和执行
⌨️ **命令行操作** - Shell命令执行和脚本运行
🔍 **网络搜索** - SearXNG搜索引擎查询
🌐 **网页获取** - 从指定URL抓取网页内容

我可以使用多种工具来协助你完成各种任务，无论是数据分析、文本处理还是信息查询。有什么我可以帮你的吗？
PASSED
tests/test_agent.py::TestAgent::test_python_tool 🤖 用户: 计算 1+2+3+4+5 等于多少
🤖 AI: 计算结果：

**1 + 2 + 3 + 4 + 5 = 15**

详细过程：
- 第一步：1 + 2 = 3  
- 第二步：3 + 3 = 6  
- 第三步：6 + 4 = 10  
- 第四步：10 + 5 = **15**  

这是一个等差数列求和问题，也可以直接用公式计算：
Sₙ = n(n+1)/2 = 5×(5+1)/2 = 30/2 = **15**

Python 工具响应:
计算结果：

**1 + 2 + 3 + 4 + 5 = 15**

详细过程：
- 第一步：1 + 2 = 3  
- 第二步：3 + 3 = 6  
- 第三步：6 + 4 = 10  
- 第四步：10 + 5 = **15**  

这是一个等差数列求和问题，也可以直接用公式计算：
Sₙ = n(n+1)/2 = 5×(5+1)/2 = 30/2 = **15**
PASSED
tests/test_agent.py::TestAgent::test_file_tool 🤖 用户: 列出当前目录的文件
🔧 执行工具: list_directory({})
   ✅ 结果: content='📁 目录: D:\\self_test\\project\\trae\\agent\\OllamaPilot\n==================================================\n📂 .benchmarks/\n📂 .git/\n📂 .pytest_cache/\n📂 ollamapilot/\n📂 ollamapilot.egg-info/\...
🤖 AI: 当前目录下有以下内容和文件：

**📁 子目录：**
1. `.benchmarks/` - 基准测试目录
2. `.git/` - Git版本控制信息
3. `.pytest_cache/` - pytest缓存目录
4. `ollamapilot/` - OllamaPilot主包目录
5. `ollamapilot.egg-info/` - Python egg元数据目录
6. `skill...

文件工具响应:
当前目录下有以下内容和文件：

**📁 子目录：**
1. `.benchmarks/` - 基准测试目录
2. `.git/` - Git版本控制信息
3. `.pytest_cache/` - pytest缓存目录
4. `ollamapilot/` - OllamaPilot主包目录
5. `ollamapilot.egg-info/` - Python egg元数据目录
6. `skills/` - 技能相关文件夹
7. `tests/` - 测试文件目录

**📄 文本文件：**
1. `.gitignore` (1.6KB) - Git忽略规则配置
2. `LICENSE` (1.1KB) - 许可证协议
3. `main.py` (3.7KB) - 主程序入口脚本
4. `pyproject.toml` (1.6KB) - Python项目配置文件（类似package.json）
5. `README.md` (11.4KB) - 项目说明文档
6. `test_output.txt` (5.7KB) - 测试输出结果文件

这是一个OllamaPilot项目的目录结构，看起来是一个基于Python的AI助手相关的项目。
PASSED
tests/test_agent.py::TestQuestions::test_question_1_weekday ✅ 注册 Markdown Skill: weather
📦 已加载 1 个 Skill

============================================================
测试问题 1: 明天星期几
============================================================
🤖 用户: 明天星期几
🔧 执行工具: python_exec({'code': 'from datetime import date, timedelta\ntoday = date.today()\ntomorrow = today + timedelta(days=1)\nprint(f"今天是：{today.strftime(\'%A\')}")\nprint(f"明天是：{tomorrow.strftime(\'%A\')}")', 'timeout': 5})
   ✅ 结果: content='>>> Python 代码执行\n==================================================\n代码:\nfrom datetime import date, timedelta\ntoday = date.today()\ntomorrow = today + timedelta(days=1)\nprint(f"今天是：{today....
🤖 AI: 明天的日期信息如下：

- 今天是：**Sunday** (星期日)  
- **明天是：Monday** (星期一)

响应:
明天的日期信息如下：

- 今天是：**Sunday** (星期日)  
- **明天是：Monday** (星期一)
PASSED
tests/test_agent.py::TestQuestions::test_question_2_weather 
============================================================
测试问题 2: 明天苏州天气怎么样
============================================================
🤖 用户: 明天苏州天气怎么样
🎯 激活 Skill: weather
🤖 AI: 

响应:

⚠️ 模型返回空响应（小模型可能无法生成最终回复）
✅ 但只要模型尝试调用了工具，就视为测试通过
PASSED

============================== warnings summary ===============================
..\..\..\..\..\anaconda3\Lib\site-packages\_pytest\config\__init__.py:1290
..\..\..\..\..\anaconda3\Lib\site-packages\_pytest\config\__init__.py:1290
  D:\anaconda3\Lib\site-packages\_pytest\config\__init__.py:1290: PytestAssertRewriteWarning: Module already imported so cannot be rewritten; anyio
    self._mark_plugins_for_rewrite(hook, disable_autoload)

..\..\..\..\..\anaconda3\Lib\site-packages\_pytest\config\__init__.py:1290
  D:\anaconda3\Lib\site-packages\_pytest\config\__init__.py:1290: PytestAssertRewriteWarning: Module already imported so cannot be rewritten; langsmith
    self._mark_plugins_for_rewrite(hook, disable_autoload)

-- Docs: https://docs.pytest.org/en/stable/how-to/capture-warnings.html
======================= 8 passed, 3 warnings in 52.31s ========================
